> Task :checkKotlinGradlePluginConfigurationErrors

> Task :compileKotlin FAILED
e: file:///Users/nic/Projects/job-market-reporting/backend/src/main/kotlin/com/techmarket/persistence/company/CompanyMapper.kt:16:12 Unresolved reference: CompanyProfilePageDto
e: file:///Users/nic/Projects/job-market-reporting/backend/src/main/kotlin/com/techmarket/persistence/company/CompanyMapper.kt:40:31 Unresolved reference: CompanyDetailsDto
e: file:///Users/nic/Projects/job-market-reporting/backend/src/main/kotlin/com/techmarket/persistence/company/CompanyMapper.kt:154:32 Unresolved reference: CompanyInsightsDto
e: file:///Users/nic/Projects/job-market-reporting/backend/src/main/kotlin/com/techmarket/persistence/company/CompanyMapper.kt:156:24 Unresolved reference: CompanyProfilePageDto

FAILURE: Build failed with an exception.

* What went wrong:
Execution failed for task ':compileKotlin'.
> A failure occurred while executing org.jetbrains.kotlin.compilerRunner.GradleCompilerRunnerWithWorkers$GradleKotlinCompilerWorkAction
   > Compilation error. See log for more details

* Try:
> Run with --stacktrace option to get the stack trace.
> Run with --info or --debug option to get more log output.
> Run with --scan to get full insights.
> Get more help at https://help.gradle.org.

Deprecated Gradle features were used in this build, making it incompatible with Gradle 9.0.

You can use '--warning-mode all' to show the individual deprecation warnings and determine if they come from your own scripts or plugins.

For more on this, please refer to https://docs.gradle.org/8.6/userguide/command_line_interface.html#sec:command_line_warnings in the Gradle documentation.

BUILD FAILED in 1s
2 actionable tasks: 2 executed
